Device: cuda
Seeds: 3

============================================================
CIFAR-10 | Seed 42
============================================================
Files already downloaded and verified
Files already downloaded and verified
Files already downloaded and verified

--- Standard Training ---
  Epoch 1: overall=0.4292 | top3: c6=0.63, c8=0.58, c7=0.56 | bot3: c2=0.27, c3=0.17, c4=0.10
  Epoch 10: overall=0.8115 | top3: c0=0.92, c8=0.91, c4=0.90 | bot3: c2=0.72, c9=0.71, c3=0.60
  Epoch 20: overall=0.8489 | top3: c1=0.98, c4=0.94, c6=0.92 | bot3: c2=0.81, c3=0.62, c5=0.60
  Epoch 30: overall=0.8820 | top3: c4=0.95, c9=0.94, c7=0.93 | bot3: c5=0.85, c2=0.83, c3=0.68
  Epoch 40: overall=0.9289 | top3: c1=0.97, c6=0.96, c8=0.95 | bot3: c2=0.90, c5=0.88, c3=0.86
  Epoch 50: overall=0.9424 | top3: c1=0.97, c9=0.97, c6=0.96 | bot3: c2=0.92, c5=0.91, c3=0.88

--- Balanced Gradient Training ---
  Epoch 1: overall=0.4269 | top3: c6=0.89, c9=0.59, c8=0.54 | bot3: c1=0.34, c2=0.10, c3=0.06
  Epoch 10: overall=0.7988 | top3: c9=0.94, c8=0.93, c1=0.92 | bot3: c4=0.70, c0=0.67, c3=0.53
  Epoch 20: overall=0.8420 | top3: c9=0.98, c8=0.95, c6=0.94 | bot3: c0=0.75, c3=0.72, c2=0.59
  Epoch 30: overall=0.8861 | top3: c1=0.97, c8=0.96, c9=0.95 | bot3: c6=0.83, c2=0.82, c3=0.75
  Epoch 40: overall=0.9300 | top3: c1=0.98, c8=0.96, c7=0.96 | bot3: c2=0.92, c5=0.88, c3=0.86
  Epoch 50: overall=0.9463 | top3: c1=0.97, c9=0.97, c6=0.96 | bot3: c2=0.93, c3=0.90, c5=0.90

  Correlation (avg_sim vs learning_epoch): rho=0.5835, p=0.076596

  Standard training - acc variance: 0.000900
  Balanced training - acc variance: 0.000724
  Variance reduction: 19.6%

============================================================
CIFAR-10 | Seed 43
============================================================
Files already downloaded and verified
Files already downloaded and verified
Files already downloaded and verified

--- Standard Training ---
  Epoch 1: overall=0.4487 | top3: c6=0.74, c1=0.70, c9=0.64 | bot3: c4=0.35, c5=0.22, c2=0.14
  Epoch 10: overall=0.7506 | top3: c4=0.90, c7=0.90, c9=0.90 | bot3: c6=0.68, c5=0.51, c3=0.36
  Epoch 20: overall=0.8027 | top3: c9=0.97, c7=0.95, c1=0.93 | bot3: c2=0.72, c3=0.54, c4=0.53
  Epoch 30: overall=0.8811 | top3: c1=0.97, c7=0.96, c6=0.94 | bot3: c4=0.85, c3=0.84, c5=0.62
  Epoch 40: overall=0.9294 | top3: c8=0.97, c9=0.96, c4=0.96 | bot3: c2=0.92, c5=0.89, c3=0.86
  Epoch 50: overall=0.9462 | top3: c1=0.98, c4=0.97, c7=0.96 | bot3: c2=0.93, c5=0.91, c3=0.88

--- Balanced Gradient Training ---
  Epoch 1: overall=0.4426 | top3: c0=0.64, c6=0.59, c8=0.56 | bot3: c1=0.41, c2=0.31, c3=0.16
  Epoch 10: overall=0.7961 | top3: c6=0.94, c1=0.93, c9=0.85 | bot3: c4=0.74, c5=0.72, c3=0.55
  Epoch 20: overall=0.8584 | top3: c0=0.93, c1=0.93, c8=0.91 | bot3: c2=0.81, c3=0.78, c5=0.71
  Epoch 30: overall=0.8727 | top3: c1=0.93, c6=0.93, c8=0.93 | bot3: c0=0.83, c3=0.83, c5=0.74
  Epoch 40: overall=0.9316 | top3: c9=0.97, c1=0.96, c6=0.96 | bot3: c5=0.89, c2=0.89, c3=0.85
  Epoch 50: overall=0.9409 | top3: c1=0.97, c6=0.97, c7=0.96 | bot3: c2=0.92, c5=0.90, c3=0.87

  Correlation (avg_sim vs learning_epoch): rho=0.5467, p=0.102027

  Standard training - acc variance: 0.000848
  Balanced training - acc variance: 0.001061
  Variance reduction: -25.1%

============================================================
CIFAR-10 | Seed 44
============================================================
Files already downloaded and verified
Files already downloaded and verified
Files already downloaded and verified

--- Standard Training ---
  Epoch 1: overall=0.4169 | top3: c8=0.86, c6=0.66, c7=0.47 | bot3: c5=0.32, c0=0.31, c4=0.05
  Epoch 10: overall=0.7737 | top3: c1=0.94, c0=0.93, c9=0.87 | bot3: c4=0.68, c3=0.66, c5=0.55
  Epoch 20: overall=0.8605 | top3: c1=0.97, c8=0.94, c4=0.92 | bot3: c5=0.82, c7=0.80, c3=0.66
  Epoch 30: overall=0.8835 | top3: c8=0.98, c6=0.93, c1=0.92 | bot3: c2=0.87, c5=0.81, c3=0.78
  Epoch 40: overall=0.9310 | top3: c1=0.98, c8=0.96, c6=0.96 | bot3: c0=0.92, c5=0.90, c3=0.84
  Epoch 50: overall=0.9434 | top3: c1=0.97, c8=0.97, c6=0.97 | bot3: c2=0.93, c5=0.90, c3=0.90

--- Balanced Gradient Training ---
  Epoch 1: overall=0.4846 | top3: c9=0.78, c8=0.64, c7=0.63 | bot3: c2=0.38, c4=0.35, c3=0.14
  Epoch 10: overall=0.8001 | top3: c1=0.96, c9=0.89, c6=0.87 | bot3: c4=0.83, c3=0.62, c5=0.45
  Epoch 20: overall=0.8381 | top3: c8=0.97, c1=0.96, c6=0.90 | bot3: c9=0.82, c0=0.79, c3=0.45
  Epoch 30: overall=0.8827 | top3: c1=0.98, c7=0.96, c8=0.91 | bot3: c2=0.88, c5=0.84, c3=0.65
  Epoch 40: overall=0.9286 | top3: c1=0.98, c8=0.97, c7=0.94 | bot3: c2=0.92, c5=0.89, c3=0.86
  Epoch 50: overall=0.9424 | top3: c1=0.97, c8=0.97, c7=0.96 | bot3: c2=0.93, c5=0.91, c3=0.86

  Correlation (avg_sim vs learning_epoch): rho=0.4577, p=0.183518

  Standard training - acc variance: 0.000721
  Balanced training - acc variance: 0.000995
  Variance reduction: -38.0%

============================================================
CIFAR-100 | Seed 42
============================================================
Downloading https://www.cs.toronto.edu/~kriz/cifar-100-python.tar.gz to ./data\cifar-100-python.tar.gz

  0%|          | 0.00/169M [00:00<?, ?B/s]
  0%|          | 623k/169M [00:00<00:29, 5.74MB/s]
  1%|          | 1.80M/169M [00:00<00:18, 9.09MB/s]
  2%|ƒ-?         | 3.67M/169M [00:00<00:12, 13.3MB/s]
  3%|ƒ-Z         | 5.47M/169M [00:00<00:11, 14.5MB/s]
  5%|ƒ-?         | 8.00M/169M [00:00<00:08, 18.2MB/s]
  6%|ƒ-<         | 10.6M/169M [00:00<00:07, 20.3MB/s]
  8%|ƒ-S         | 13.2M/169M [00:00<00:07, 21.8MB/s]
  9%|ƒ-%         | 15.4M/169M [00:00<00:07, 19.9MB/s]
 11%|ƒ-^         | 18.0M/169M [00:00<00:07, 21.3MB/s]
 12%|ƒ-^ƒ-?        | 20.5M/169M [00:01<00:06, 22.2MB/s]
 13%|ƒ-^ƒ-Z        | 22.7M/169M [00:01<00:06, 22.2MB/s]
 15%|ƒ-^ƒ-?        | 25.0M/169M [00:01<00:06, 21.6MB/s]
 16%|ƒ-^ƒ-O        | 27.2M/169M [00:01<00:06, 20.9MB/s]
 17%|ƒ-^ƒ-<        | 29.3M/169M [00:01<00:06, 20.8MB/s]
 19%|ƒ-^ƒ-S        | 31.4M/169M [00:01<00:06, 20.3MB/s]
 20%|ƒ-^ƒ-%        | 33.7M/169M [00:01<00:06, 20.6MB/s]
 21%|ƒ-^ƒ-^ƒ-?       | 35.9M/169M [00:01<00:06, 20.4MB/s]
 23%|ƒ-^ƒ-^ƒ-Z       | 38.3M/169M [00:01<00:06, 21.0MB/s]
 24%|ƒ-^ƒ-^ƒ-?       | 40.6M/169M [00:02<00:06, 21.0MB/s]
 25%|ƒ-^ƒ-^ƒ-O       | 42.9M/169M [00:02<00:05, 21.3MB/s]
 27%|ƒ-^ƒ-^ƒ-<       | 45.1M/169M [00:02<00:05, 21.5MB/s]
 28%|ƒ-^ƒ-^ƒ-S       | 47.2M/169M [00:02<00:05, 20.9MB/s]
 29%|ƒ-^ƒ-^ƒ-%       | 49.3M/169M [00:02<00:06, 19.7MB/s]
 30%|ƒ-^ƒ-^ƒ-^       | 51.3M/169M [00:02<00:05, 19.7MB/s]
 32%|ƒ-^ƒ-^ƒ-^ƒ-?      | 53.4M/169M [00:02<00:05, 19.5MB/s]
 33%|ƒ-^ƒ-^ƒ-^ƒ-Z      | 55.4M/169M [00:02<00:06, 18.0MB/s]
 34%|ƒ-^ƒ-^ƒ-^ƒ-?      | 57.3M/169M [00:02<00:06, 18.3MB/s]
 35%|ƒ-^ƒ-^ƒ-^ƒ-O      | 59.2M/169M [00:03<00:06, 17.6MB/s]
 36%|ƒ-^ƒ-^ƒ-^ƒ-O      | 61.0M/169M [00:03<00:06, 17.3MB/s]
 37%|ƒ-^ƒ-^ƒ-^ƒ-<      | 62.8M/169M [00:03<00:06, 17.5MB/s]
 38%|ƒ-^ƒ-^ƒ-^ƒ-S      | 64.6M/169M [00:03<00:05, 17.6MB/s]
 39%|ƒ-^ƒ-^ƒ-^ƒ-%      | 66.5M/169M [00:03<00:05, 17.9MB/s]
 41%|ƒ-^ƒ-^ƒ-^ƒ-^      | 68.5M/169M [00:03<00:05, 18.3MB/s]
 42%|ƒ-^ƒ-^ƒ-^ƒ-^ƒ-?     | 70.5M/169M [00:03<00:05, 18.8MB/s]
 43%|ƒ-^ƒ-^ƒ-^ƒ-^ƒ-Z     | 73.2M/169M [00:03<00:04, 20.9MB/s]
 45%|ƒ-^ƒ-^ƒ-^ƒ-^ƒ-O     | 76.1M/169M [00:03<00:04, 23.0MB/s]
 47%|ƒ-^ƒ-^ƒ-^ƒ-^ƒ-<     | 78.6M/169M [00:03<00:03, 23.0MB/s]
 48%|ƒ-^ƒ-^ƒ-^ƒ-^ƒ-S     | 81.5M/169M [00:04<00:03, 24.0MB/s]
 50%|ƒ-^ƒ-^ƒ-^ƒ-^ƒ-%     | 84.0M/169M [00:04<00:03, 24.0MB/s]
 51%|ƒ-^ƒ-^ƒ-^ƒ-^ƒ-^     | 86.5M/169M [00:04<00:03, 24.1MB/s]
 53%|ƒ-^ƒ-^ƒ-^ƒ-^ƒ-^ƒ-Z    | 89.2M/169M [00:04<00:03, 24.9MB/s]
 54%|ƒ-^ƒ-^ƒ-^ƒ-^ƒ-^ƒ-?    | 91.7M/169M [00:04<00:03, 24.7MB/s]
 56%|ƒ-^ƒ-^ƒ-^ƒ-^ƒ-^ƒ-O    | 94.3M/169M [00:04<00:03, 24.7MB/s]
 57%|ƒ-^ƒ-^ƒ-^ƒ-^ƒ-^ƒ-<    | 96.9M/169M [00:04<00:02, 25.1MB/s]
 59%|ƒ-^ƒ-^ƒ-^ƒ-^ƒ-^ƒ-%    | 99.5M/169M [00:04<00:02, 23.5MB/s]
 60%|ƒ-^ƒ-^ƒ-^ƒ-^ƒ-^ƒ-^    | 102M/169M [00:04<00:02, 23.8MB/s] 
 62%|ƒ-^ƒ-^ƒ-^ƒ-^ƒ-^ƒ-^ƒ-?   | 105M/169M [00:05<00:02, 24.4MB/s]
 64%|ƒ-^ƒ-^ƒ-^ƒ-^ƒ-^ƒ-^ƒ-?   | 108M/169M [00:05<00:02, 25.3MB/s]
 65%|ƒ-^ƒ-^ƒ-^ƒ-^ƒ-^ƒ-^ƒ-O   | 111M/169M [00:05<00:02, 26.1MB/s]
 67%|ƒ-^ƒ-^ƒ-^ƒ-^ƒ-^ƒ-^ƒ-<   | 114M/169M [00:05<00:02, 26.3MB/s]
 69%|ƒ-^ƒ-^ƒ-^ƒ-^ƒ-^ƒ-^ƒ-%   | 117M/169M [00:05<00:01, 26.4MB/s]
 71%|ƒ-^ƒ-^ƒ-^ƒ-^ƒ-^ƒ-^ƒ-^   | 120M/169M [00:05<00:01, 28.5MB/s]
 73%|ƒ-^ƒ-^ƒ-^ƒ-^ƒ-^ƒ-^ƒ-^ƒ-Z  | 123M/169M [00:05<00:01, 27.5MB/s]
 74%|ƒ-^ƒ-^ƒ-^ƒ-^ƒ-^ƒ-^ƒ-^ƒ-?  | 126M/169M [00:05<00:01, 27.4MB/s]
 76%|ƒ-^ƒ-^ƒ-^ƒ-^ƒ-^ƒ-^ƒ-^ƒ-O  | 128M/169M [00:05<00:01, 27.5MB/s]
 78%|ƒ-^ƒ-^ƒ-^ƒ-^ƒ-^ƒ-^ƒ-^ƒ-S  | 131M/169M [00:05<00:01, 27.3MB/s]
 79%|ƒ-^ƒ-^ƒ-^ƒ-^ƒ-^ƒ-^ƒ-^ƒ-%  | 134M/169M [00:06<00:01, 27.4MB/s]
 81%|ƒ-^ƒ-^ƒ-^ƒ-^ƒ-^ƒ-^ƒ-^ƒ-^  | 137M/169M [00:06<00:01, 26.6MB/s]
 83%|ƒ-^ƒ-^ƒ-^ƒ-^ƒ-^ƒ-^ƒ-^ƒ-^ƒ-Z | 139M/169M [00:06<00:01, 26.3MB/s]
 84%|ƒ-^ƒ-^ƒ-^ƒ-^ƒ-^ƒ-^ƒ-^ƒ-^ƒ-? | 142M/169M [00:06<00:00, 27.1MB/s]
 86%|ƒ-^ƒ-^ƒ-^ƒ-^ƒ-^ƒ-^ƒ-^ƒ-^ƒ-O | 145M/169M [00:06<00:00, 27.1MB/s]
 87%|ƒ-^ƒ-^ƒ-^ƒ-^ƒ-^ƒ-^ƒ-^ƒ-^ƒ-< | 148M/169M [00:06<00:00, 26.2MB/s]
 89%|ƒ-^ƒ-^ƒ-^ƒ-^ƒ-^ƒ-^ƒ-^ƒ-^ƒ-% | 151M/169M [00:06<00:00, 26.8MB/s]
 91%|ƒ-^ƒ-^ƒ-^ƒ-^ƒ-^ƒ-^ƒ-^ƒ-^ƒ-^ | 154M/169M [00:06<00:00, 27.2MB/s]
 93%|ƒ-^ƒ-^ƒ-^ƒ-^ƒ-^ƒ-^ƒ-^ƒ-^ƒ-^ƒ-Z| 157M/169M [00:06<00:00, 27.6MB/s]
 94%|ƒ-^ƒ-^ƒ-^ƒ-^ƒ-^ƒ-^ƒ-^ƒ-^ƒ-^ƒ-?| 160M/169M [00:07<00:00, 27.0MB/s]
 96%|ƒ-^ƒ-^ƒ-^ƒ-^ƒ-^ƒ-^ƒ-^ƒ-^ƒ-^ƒ-O| 162M/169M [00:07<00:00, 26.6MB/s]
 98%|ƒ-^ƒ-^ƒ-^ƒ-^ƒ-^ƒ-^ƒ-^ƒ-^ƒ-^ƒ-S| 165M/169M [00:07<00:00, 26.1MB/s]
100%|ƒ-^ƒ-^ƒ-^ƒ-^ƒ-^ƒ-^ƒ-^ƒ-^ƒ-^ƒ-%| 168M/169M [00:07<00:00, 27.6MB/s]
100%|ƒ-^ƒ-^ƒ-^ƒ-^ƒ-^ƒ-^ƒ-^ƒ-^ƒ-^ƒ-^| 169M/169M [00:07<00:00, 22.8MB/s]
Extracting ./data\cifar-100-python.tar.gz to ./data
Files already downloaded and verified

--- Standard Training ---
  Epoch 1: overall=0.1371 | top3: c52=0.73, c42=0.63, c53=0.63 | bot3: c90=0.00, c98=0.00, c99=0.00
  Epoch 10: overall=0.5225 | top3: c82=0.96, c48=0.91, c58=0.91 | bot3: c50=0.13, c13=0.10, c55=0.07
